Traceback (most recent call last):
  File "C:\Users\runneradmin\.cys/pack\bin\javis_hud_bridge.py", line 2034, in <module>
    main()
  File "C:\Users\runneradmin\.cys/pack\bin\javis_hud_bridge.py", line 2026, in main
    print(f"[hud-bridge] http://{BIND}:{PORT}  (\uc77d\uae30 \uc804\uc6a9 · 127.0.0.1 \ud55c\uc815)", flush=True)
  File "encodings\cp1252.py", line 19, in encode
UnicodeEncodeError: 'charmap' codec can't encode characters in position 37-38: character maps to <undefined>
Exception in thread Thread-4 (_reader):
Traceback (most recent call last):
  File "threading.py", line 1075, in _bootstrap_inner
  File "threading.py", line 1012, in run
  File "C:\Users\runneradmin\.cys/pack\bin\javis_hud_bridge.py", line 1591, in _reader
    proc = subprocess.Popen(args_base, stdout=subprocess.PIPE,
           ^^^^^^^^^^^^^^^^^^^^^^^^^^^^^^^^^^^^^^^^^^^^^^^^^^^
  File "subprocess.py", line 1026, in __init__
  File "subprocess.py", line 1538, in _execute_child
PermissionError: [WinError 32] The process cannot access the file because it is being used by another process
Traceback (most recent call last):
  File "C:\Users\runneradmin\.cys/pack\bin\javis_hud_bridge.py", line 2034, in <module>
    main()
  File "C:\Users\runneradmin\.cys/pack\bin\javis_hud_bridge.py", line 2026, in main
    print(f"[hud-bridge] http://{BIND}:{PORT}  (\uc77d\uae30 \uc804\uc6a9 · 127.0.0.1 \ud55c\uc815)", flush=True)
  File "encodings\cp1252.py", line 19, in encode
UnicodeEncodeError: 'charmap' codec can't encode characters in position 37-38: character maps to <undefined>
[hud-bridge] 2026-10-06T05:45:27 [MainThread] http://127.0.0.1:8642  (\uc77d\uae30 \uc804\uc6a9 · 127.0.0.1 \ud55c\uc815)
Exception in thread Thread-3 (_reader):
Traceback (most recent call last):
  File "threading.py", line 1075, in _bootstrap_inner
  File "threading.py", line 1012, in run
  File "C:\Users\runneradmin\.cys/pack\bin\javis_hud_bridge.py", line 1645, in _reader
    for line in proc.stdout:
                ^^^^^^^^^^^
  File "encodings\cp1252.py", line 23, in decode
UnicodeDecodeError: 'charmap' codec can't decode byte 0x81 in position 233: character maps to <undefined>
