### cargo test --lib bridge_probe -- --test-threads=1 --nocapture
[1m[93mwarning[0m[1m[97m: unused import: `ChildLifetime`[0m
    [1m[96m--> [0msrc\lib.rs:5385:17
     [1m[96m|[0m
[1m[96m5385[0m [1m[96m|[0m     use super::{ChildLifetime, SpawnPolicy, ENV_NO_AUTOSTART, NO_AUTOSTART_ON};
     [1m[96m|[0m                 [1m[93m^^^^^^^^^^^^^[0m
     [1m[96m|[0m
     [1m[96m= [0m[1m[97mnote[0m: `#[warn(unused_imports)]` (part of `#[warn(unused)]`) on by default

[1m[93mwarning[0m[1m[97m: method `unix_setsid` is never used[0m
   [1m[96m--> [0msrc\lib.rs:295:14
    [1m[96m|[0m
[1m[96m272[0m [1m[96m|[0m impl ChildLifetime {
    [1m[96m|[0m [1m[96m------------------[0m [1m[96mmethod in this implementation[0m
[1m[96m...[0m
[1m[96m295[0m [1m[96m|[0m     const fn unix_setsid(self) -> bool {
    [1m[96m|[0m              [1m[93m^^^^^^^^^^^[0m
    [1m[96m|[0m
    [1m[96m= [0m[1m[97mnote[0m: `#[warn(dead_code)]` (part of `#[warn(unused)]`) on by default

[1m[93mwarning[0m[1m[97m: function `marker_of` is never used[0m
    [1m[96m--> [0msrc\app_bundle.rs:1177:8
     [1m[96m|[0m
[1m[96m1177[0m [1m[96m|[0m     fn marker_of(app: &Path) -> String {
     [1m[96m|[0m        [1m[93m^^^^^^^^^[0m

[1m[93mwarning[0m[1m[97m: function `residue` is never used[0m
    [1m[96m--> [0msrc\app_bundle.rs:1182:8
     [1m[96m|[0m
[1m[96m1182[0m [1m[96m|[0m     fn residue(root: &Path, dest_name: &str) -> Vec<String> {
     [1m[96m|[0m        [1m[93m^^^^^^^[0m

[1m[93mwarning[0m: `cys-terminal` (lib test) generated 4 warnings (run `cargo fix --lib -p cys-terminal --tests` to apply 1 suggestion)
[1m[92m    Finished[0m `test` profile [unoptimized + debuginfo] target(s) in 0.25s
[1m[92m     Running[0m unittests src\lib.rs (target\debug\deps\cys-66c3ebe14de53cc6.exe)

running 7 tests
test bridge_probe_tests::immediate_request_has_no_wait_and_carries_headers ... ok
test bridge_probe_tests::parse_head_reads_status_and_length ... ok
test bridge_probe_tests::probe_caps_the_body_at_64kb_and_flags_truncated_replies ... ok
test bridge_probe_tests::probe_gives_up_within_the_budget_when_the_server_never_answers ... ok
test bridge_probe_tests::probe_rejects_an_endless_header_without_waiting_for_the_budget ... ok
test bridge_probe_tests::probe_reports_no_connect_when_nothing_listens ... ok
test bridge_probe_tests::probe_waits_300ms_after_connect_and_sends_get_with_host ... ok

test result: ok. 7 passed; 0 failed; 0 ignored; 0 measured; 666 filtered out; finished in 3.82s

