### cargo test --bin cys approval -- --test-threads=1 --nocapture
[1m[93mwarning[0m[1m[97m: method `unix_setsid` is never used[0m
   [1m[96m--> [0msrc\lib.rs:295:14
    [1m[96m|[0m
[1m[96m272[0m [1m[96m|[0m impl ChildLifetime {
    [1m[96m|[0m [1m[96m------------------[0m [1m[96mmethod in this implementation[0m
[1m[96m...[0m
[1m[96m295[0m [1m[96m|[0m     const fn unix_setsid(self) -> bool {
    [1m[96m|[0m              [1m[93m^^^^^^^^^^^[0m
    [1m[96m|[0m
    [1m[96m= [0m[1m[97mnote[0m: `#[warn(dead_code)]` (part of `#[warn(unused)]`) on by default

[1m[93mwarning[0m: `cys-terminal` (lib) generated 1 warning
[1m[93mwarning[0m[1m[97m: field `socket_path` is never read[0m
    [1m[96m--> [0msrc\bin\cys.rs:7952:5
     [1m[96m|[0m
[1m[96m7948[0m [1m[96m|[0m struct DoctorCtx {
     [1m[96m|[0m        [1m[96m---------[0m [1m[96mfield in this struct[0m
[1m[96m...[0m
[1m[96m7952[0m [1m[96m|[0m     socket_path: std::path::PathBuf,
     [1m[96m|[0m     [1m[93m^^^^^^^^^^^[0m
     [1m[96m|[0m
     [1m[96m= [0m[1m[97mnote[0m: `#[warn(dead_code)]` (part of `#[warn(unused)]`) on by default

[1m[93mwarning[0m[1m[97m: function `doctor_lock_hold` is never used[0m
    [1m[96m--> [0msrc\bin\cys.rs:8793:4
     [1m[96m|[0m
[1m[96m8793[0m [1m[96m|[0m fn doctor_lock_hold() -> std::time::Duration {
     [1m[96m|[0m    [1m[93m^^^^^^^^^^^^^^^^[0m

[1m[93mwarning[0m: `cys-terminal` (bin "cys" test) generated 2 warnings
[1m[92m    Finished[0m `test` profile [unoptimized + debuginfo] target(s) in 0.26s
[1m[92m     Running[0m unittests src\bin\cys.rs (target\debug\deps\cys-ffd68dd924e2e5b3.exe)

running 1 test
test tests::approval_check_accepts_the_contracted_prefix_flag ... ok

test result: ok. 1 passed; 0 failed; 0 ignored; 0 measured; 424 filtered out; finished in 0.01s

