### cargo test --lib is_dept_socket -- --test-threads=1 --nocapture
[1m[93mwarning[0m[1m[97m: unused import: `ChildLifetime`[0m
    [1m[96m--> [0msrc\lib.rs:5179:17
     [1m[96m|[0m
[1m[96m5179[0m [1m[96m|[0m     use super::{ChildLifetime, SpawnPolicy, ENV_NO_AUTOSTART, NO_AUTOSTART_ON};
     [1m[96m|[0m                 [1m[93m^^^^^^^^^^^^^[0m
     [1m[96m|[0m
     [1m[96m= [0m[1m[97mnote[0m: `#[warn(unused_imports)]` (part of `#[warn(unused)]`) on by default

[1m[93mwarning[0m[1m[97m: method `unix_setsid` is never used[0m
   [1m[96m--> [0msrc\lib.rs:295:14
    [1m[96m|[0m
[1m[96m272[0m [1m[96m|[0m impl ChildLifetime {
    [1m[96m|[0m [1m[96m------------------[0m [1m[96mmethod in this implementation[0m
[1m[96m...[0m
[1m[96m295[0m [1m[96m|[0m     const fn unix_setsid(self) -> bool {
    [1m[96m|[0m              [1m[93m^^^^^^^^^^^[0m
    [1m[96m|[0m
    [1m[96m= [0m[1m[97mnote[0m: `#[warn(dead_code)]` (part of `#[warn(unused)]`) on by default

[1m[93mwarning[0m[1m[97m: function `marker_of` is never used[0m
    [1m[96m--> [0msrc\app_bundle.rs:1177:8
     [1m[96m|[0m
[1m[96m1177[0m [1m[96m|[0m     fn marker_of(app: &Path) -> String {
     [1m[96m|[0m        [1m[93m^^^^^^^^^[0m

[1m[93mwarning[0m[1m[97m: function `residue` is never used[0m
    [1m[96m--> [0msrc\app_bundle.rs:1182:8
     [1m[96m|[0m
[1m[96m1182[0m [1m[96m|[0m     fn residue(root: &Path, dest_name: &str) -> Vec<String> {
     [1m[96m|[0m        [1m[93m^^^^^^^[0m

[1m[93mwarning[0m: `cys-terminal` (lib test) generated 4 warnings (run `cargo fix --lib -p cys-terminal --tests` to apply 1 suggestion)
[1m[92m    Finished[0m `test` profile [unoptimized + debuginfo] target(s) in 0.26s
[1m[92m     Running[0m unittests src\lib.rs (target\debug\deps\cys-b3848c80df45d16f.exe)

running 1 test
test tests::is_dept_socket_detects_dept_not_main ... ok

test result: ok. 1 passed; 0 failed; 0 ignored; 0 measured; 665 filtered out; finished in 0.00s

