### cargo test --bin cys approval -- --test-threads=1 --nocapture
[1m[93mwarning[0m[1m[97m: method `unix_setsid` is never used[0m
   [1m[96m--> [0msrc\lib.rs:295:14
    [1m[96m|[0m
[1m[96m272[0m [1m[96m|[0m impl ChildLifetime {
    [1m[96m|[0m [1m[96m------------------[0m [1m[96mmethod in this implementation[0m
[1m[96m...[0m
[1m[96m295[0m [1m[96m|[0m     const fn unix_setsid(self) -> bool {
    [1m[96m|[0m              [1m[93m^^^^^^^^^^^[0m
    [1m[96m|[0m
    [1m[96m= [0m[1m[97mnote[0m: `#[warn(dead_code)]` (part of `#[warn(unused)]`) on by default

[1m[93mwarning[0m: `cys-terminal` (lib) generated 1 warning
[1m[92m   Compiling[0m cys-terminal v0.14.44 (D:\a\cys-terminal\cys-terminal\p)
[1m[93mwarning[0m[1m[97m: field `socket_path` is never read[0m
    [1m[96m--> [0msrc\bin\cys.rs:8080:5
     [1m[96m|[0m
[1m[96m8076[0m [1m[96m|[0m struct DoctorCtx {
     [1m[96m|[0m        [1m[96m---------[0m [1m[96mfield in this struct[0m
[1m[96m...[0m
[1m[96m8080[0m [1m[96m|[0m     socket_path: std::path::PathBuf,
     [1m[96m|[0m     [1m[93m^^^^^^^^^^^[0m
     [1m[96m|[0m
     [1m[96m= [0m[1m[97mnote[0m: `#[warn(dead_code)]` (part of `#[warn(unused)]`) on by default

[1m[93mwarning[0m[1m[97m: function `doctor_lock_hold` is never used[0m
    [1m[96m--> [0msrc\bin\cys.rs:8921:4
     [1m[96m|[0m
[1m[96m8921[0m [1m[96m|[0m fn doctor_lock_hold() -> std::time::Duration {
     [1m[96m|[0m    [1m[93m^^^^^^^^^^^^^^^^[0m

[1m[93mwarning[0m: `cys-terminal` (bin "cys" test) generated 2 warnings
[1m[92m    Finished[0m `test` profile [unoptimized + debuginfo] target(s) in 33.75s
[1m[92m     Running[0m unittests src\bin\cys.rs (target\debug\deps\cys-727a47aa25728a01.exe)

running 2 tests
test tests::a1_approval_help_texts_describe_the_actual_cwd_behavior ... 
thread 'tests::a1_approval_help_texts_describe_the_actual_cwd_behavior' (7016) has overflowed its stack
[1m[91merror[0m: test failed, to rerun pass `--bin cys`

Caused by:
  process didn't exit successfully: `D:\a\cys-terminal\cys-terminal\p\target\debug\deps\cys-727a47aa25728a01.exe approval --test-threads=1 --nocapture` (exit code: 0xc00000fd, STATUS_STACK_OVERFLOW)
